C51 COMPILER V9.60.7.0   BEEP                                                              05/14/2023 23:51:31 PAGE 1   


C51 COMPILER V9.60.7.0, COMPILATION OF MODULE BEEP
OBJECT MODULE PLACED IN .\Objects\beep.obj
COMPILER INVOKED BY: D:\Keil_v4\C51\BIN\C51.EXE beep.c COMPACT OPTIMIZE(8,SPEED) BROWSE DEBUG OBJECTEXTEND PRINT(.\Listi
                    -ngs\beep.lst) TABS(2) OBJECT(.\Objects\beep.obj)

line level    source

   1          //#include <REGX52.H>
   2          //#include "beep.h"
   3          //#include "delay.h"
   4          //#include "key.h"
   5          //#include "timer.h"
   6          //#include "nixie_tube.h"
   7          
   8          //sbit Buzzer = P2^5;
   9          
  10          //unsigned char key_num = 0;
  11          //unsigned int i = 0;
  12          
  13          ////播放速度，值为四分音符的时长(ms)
  14          //#define SPEED 500
  15          
  16          ////音符与索引对应表，P：休止符，L：低音，M：中音，H：高音，下划线：升半音符号#
  17          //#define P 0
  18          //#define L1  1
  19          //#define L1_ 2
  20          //#define L2  3
  21          //#define L2_ 4
  22          //#define L3  5
  23          //#define L4  6
  24          //#define L4_ 7
  25          //#define L5  8
  26          //#define L5_ 9
  27          //#define L6  10
  28          //#define L6_ 11
  29          //#define L7  12
  30          //#define M1  13
  31          //#define M1_ 14
  32          //#define M2  15
  33          //#define M2_ 16
  34          //#define M3  17
  35          //#define M4  18
  36          //#define M4_ 19
  37          //#define M5  20
  38          //#define M5_ 21
  39          //#define M6  22
  40          //#define M6_ 23
  41          //#define M7  24
  42          //#define H1  25
  43          //#define H1_ 26
  44          //#define H2  27
  45          //#define H2_ 28
  46          //#define H3  29
  47          //#define H4  30
  48          //#define H4_ 31
  49          //#define H5  32
  50          //#define H5_ 33
  51          //#define H6  34
  52          //#define H6_ 35
  53          //#define H7  36
  54          
C51 COMPILER V9.60.7.0   BEEP                                                              05/14/2023 23:51:31 PAGE 2   

  55          ////索引与频率对照表
  56          //unsigned int freq_table[]={
  57          //  0,
  58          //  63628,63731,63835,63928,64021,64103,64185,64260,64331,64400,64463,64528,
  59          //  64580,64633,64684,64732,64777,64820,64860,64898,64934,64968,65000,65030,
  60          //  65058,65085,65110,65134,65157,65178,65198,65217,65235,65252,65268,65283,
  61          //};
  62          
  63          ////乐谱
  64          //unsigned char code music[]={
  65          //  //音符,时值,
  66          //  
  67          //  //1
  68          //  P,  4,
  69          //  P,  4,
  70          //  P,  4,
  71          //  M6, 2,
  72          //  M7, 2,
  73          //  
  74          //  H1, 4+2,
  75          //  M7, 2,
  76          //  H1, 4,
  77          //  H3, 4,
  78          //  
  79          //  M7, 4+4+4,
  80          //  M3, 2,
  81          //  M3, 2,
  82          //  
  83          //  //2
  84          //  M6, 4+2,
  85          //  M5, 2,
  86          //  M6, 4,
  87          //  H1, 4,
  88          //  
  89          //  M5, 4+4+4,
  90          //  M3, 4,
  91          //  
  92          //  M4, 4+2,
  93          //  M3, 2,
  94          //  M4, 4,
  95          //  H1, 4,
  96          //  
  97          //  //3
  98          //  M3, 4+4,
  99          //  P,  2,
 100          //  H1, 2,
 101          //  H1, 2,
 102          //  H1, 2,
 103          //  
 104          //  M7, 4+2,
 105          //  M4_,2,
 106          //  M4_,4,
 107          //  M7, 4,
 108          //  
 109          //  M7, 8,
 110          //  P,  4,
 111          //  M6, 2,
 112          //  M7, 2,
 113          //  
 114          //  //4
 115          //  H1, 4+2,
 116          //  M7, 2,
C51 COMPILER V9.60.7.0   BEEP                                                              05/14/2023 23:51:31 PAGE 3   

 117          //  H1, 4,
 118          //  H3, 4,
 119          //  
 120          //  M7, 4+4+4,
 121          //  M3, 2,
 122          //  M3, 2,
 123          //  
 124          //  M6, 4+2,
 125          //  M5, 2,
 126          //  M6, 4,
 127          //  H1, 4,
 128          //  
 129          //  //5
 130          //  M5, 4+4+4,
 131          //  M2, 2,
 132          //  M3, 2,
 133          //  
 134          //  M4, 4,
 135          //  H1, 2,
 136          //  M7, 2+2,
 137          //  H1, 2+4,
 138          //  
 139          //  H2, 2,
 140          //  H2, 2,
 141          //  H3, 2,
 142          //  H1, 2+4+4,
 143          //  
 144          //  //6
 145          //  H1, 2,
 146          //  M7, 2,
 147          //  M6, 2,
 148          //  M6, 2,
 149          //  M7, 4,
 150          //  M5_,4,
 151          //  
 152          //  
 153          //  M6, 4+4+4,
 154          //  H1, 2,
 155          //  H2, 2,
 156          //  
 157          //  H3, 4+2,
 158          //  H2, 2,
 159          //  H3, 4,
 160          //  H5, 4,
 161          //  
 162          //  //7
 163          //  H2, 4+4+4,
 164          //  M5, 2,
 165          //  M5, 2,
 166          //  
 167          //  H1, 4+2,
 168          //  M7, 2,
 169          //  H1, 4,
 170          //  H3, 4,
 171          //  
 172          //  H3, 4+4+4+4,
 173          //  
 174          //  //8
 175          //  M6, 2,
 176          //  M7, 2,
 177          //  H1, 4,
 178          //  M7, 4,
C51 COMPILER V9.60.7.0   BEEP                                                              05/14/2023 23:51:31 PAGE 4   

 179          //  H2, 2,
 180          //  H2, 2,
 181          //  
 182          //  H1, 4+2,
 183          //  M5, 2+4+4,
 184          //  
 185          //  H4, 4,
 186          //  H3, 4,
 187          //  H3, 4,
 188          //  H1, 4,
 189          //  
 190          //  //9
 191          //  H3, 4+4+4,
 192          //  H3, 4,
 193          //  
 194          //  H6, 4+4,
 195          //  H5, 4,
 196          //  H5, 4,
 197          //  
 198          //  H3, 2,
 199          //  H2, 2,
 200          //  H1, 4+4,
 201          //  P,  2,
 202          //  H1, 2,
 203          //  
 204          //  //10
 205          //  H2, 4,
 206          //  H1, 2,
 207          //  H2, 2,
 208          //  H2, 4,
 209          //  H5, 4,
 210          //  
 211          //  H3, 4+4+4,
 212          //  H3, 4,
 213          //  
 214          //  H6, 4+4,
 215          //  H5, 4+4,
 216          //  
 217          //  //11
 218          //  H3, 2,
 219          //  H2, 2,
 220          //  H1, 4+4,
 221          //  P,  2,
 222          //  H1, 2,
 223          //  
 224          //  H2, 4,
 225          //  H1, 2,
 226          //  H2, 2+4,
 227          //  M7, 4,
 228          //  
 229          //  M6, 4+4+4,
 230          //  P,  4,
 231          //  
 232          //  0xFF  //终止标志
 233          //};
 234          
 235          //unsigned char freq_sel, music_select;
 236          
 237          ////void beep_out()
 238          ////{
 239          ////  while(1)
 240          ////  {
C51 COMPILER V9.60.7.0   BEEP                                                              05/14/2023 23:51:31 PAGE 5   

 241          ////      
 242          ////      unsigned char key = get_key();
 243          ////      if(key)
 244          ////      {
 245          ////        key_num = key;
 246          ////        for(i=0;i<500;i++)
 247          ////        {
 248          ////            Buzzer = !Buzzer;
 249          ////            delay(1);
 250          ////        }
 251          ////      }
 252          
 253          ////      nixie_locate(1, key_num);
 254          ////  }
 255          ////}
 256          
 257          
 258          //void beep_music()
 259          //{
 260          //  timer0_init();
 261          //  while(1)
 262          //  {
 263          //    if(music[music_select] != 0xFF)
 264          //    {
 265          //      freq_sel = music[music_select];
 266          //      music_select++;
 267          //      delay((SPEED/4) * music[music_select]);
 268          //      music_select++;
 269          //      TR0=0;
 270          //      delay(5);
 271          //      TR0=1;
 272          //    }
 273          //    else
 274          //    {
 275          //        TR0=0;
 276          //        while(1);
 277          //    }
 278          
 279          //  }
 280          //}
 281          
 282          //void beep_test()
 283          //{
 284          //  beep_music();
 285          //}
 286          
 287          
 288          ////void Timer0_Routine() interrupt 1
 289          ////{
 290          ////  if(freq_table[freq_sel])
 291          ////  {
 292          ////    /*取对应频率值的重装载值到定时器*/
 293          ////    TL0=freq_table[freq_sel]%256;
 294          ////    TH0=freq_table[freq_sel]/256; //设置定时初值
 295          ////    Buzzer = !Buzzer; //翻转蜂鸣器IO口
 296          ////  }
 297          ////}


MODULE INFORMATION:   STATIC OVERLAYABLE
   CODE SIZE        =   ----    ----
   CONSTANT SIZE    =   ----    ----
C51 COMPILER V9.60.7.0   BEEP                                                              05/14/2023 23:51:31 PAGE 6   

   XDATA SIZE       =   ----    ----
   PDATA SIZE       =   ----    ----
   DATA SIZE        =   ----    ----
   IDATA SIZE       =   ----    ----
   BIT SIZE         =   ----    ----
END OF MODULE INFORMATION.


C51 COMPILATION COMPLETE.  0 WARNING(S),  0 ERROR(S)
